[backblue.gif]
[fade.gif]
[index.html]
[cvdrisk.com.cn/index.html]
[cvdrisk.com.cn/Content/Areas/ASCVD/ASCVD_logo.png]
[cvdrisk.com.cn/Content/Revision/image/logo1.png]
[cvdrisk.com.cn/Content/Revision/image/logo2.png]
[cvdrisk.com.cn/uploadedImage/20230206102017079.jpg]
[cvdrisk.com.cn/uploadedImage/20220311114505694.jpg]
[cvdrisk.com.cn/uploadedImage/20220725035012235.jpg]
[cvdrisk.com.cn/uploadedImage/20220725035022420.jpg]
[cvdrisk.com.cn/Content/Areas/ASCVD/switch_05.jpg]
[cvdrisk.com.cn/Content/Areas/ASCVD/icon.png]
[cvdrisk.com.cn/Content/Areas/ASCVD/wenxintishi_icon.png]
[cvdrisk.com.cn/Content/Revision/image/img6.png]
[cvdrisk.com.cn/Content/Revision/image/img7.png]
[cvdrisk.com.cn/Content/Revision/image/img9.png]
[cvdrisk.com.cn/ASCVD/Eval.html]
[cvdrisk.com.cn/Content/Areas/ASCVD/app_barcode.jpg]
[cvdrisk.com.cn/Content/plugins/iCheck/bootstrap.min.css]
[cvdrisk.com.cn/Content/plugins/iCheck/green.png]
[cvdrisk.com.cn/Content/plugins/iCheck/custom.css]
[cvdrisk.com.cn/Content/plugins/iCheck/green@2x.png]
[cvdrisk.com.cn/Content/Revision/image/bo1.jpg]
[cvdrisk.com.cn/Content/Revision/image/bg5.png]
[cvdrisk.com.cn/Content/Revision/css/global.css]
[cvdrisk.com.cn/Content/Revision/css/page.css]
[cvdrisk.com.cn/Content/Areas/Common/css/common.css]
[cvdrisk.com.cn/Content/Areas/Common/css/article.css]
[cvdrisk.com.cn/Content/INSPINIA/css/toastr/toastr.min.css]
[cvdrisk.com.cn/Content/Areas/ASCVD/circle.png]
[cvdrisk.com.cn/Content/Areas/ASCVD/jiantou_icon.png]
[cvdrisk.com.cn/Content/Areas/Common/css/ascvd.css]
[cvdrisk.com.cn/Content/Revision/js/jquery-1.7.2.min.js]
[cvdrisk.com.cn/Content/Revision/js/jquery.easing.1.3.js]
[cvdrisk.com.cn/Content/Revision/js/jquery.mousewheel.js]
[cvdrisk.com.cn/Content/Revision/js/fun.js]
[cvdrisk.com.cn/Content/Revision/js/jquery.carouFredSel-6.0.4-packed.js]
[cvdrisk.com.cn/Content/Revision/js/global.js]
[cvdrisk.com.cn/Content/Revision/js/home.min.js]
[cvdrisk.com.cn/Content/Revision/js/plus/jquery.mScroll.js]
[cvdrisk.com.cn/Content/plugins/iCheck/icheck.min.js]
[cvdrisk.com.cn/Content/INSPINIA/js/toastr/toastr.min.js]
[cvdrisk.com.cn/uploadedImage/20171226033846462.jpg]
[cvdrisk.com.cn/uploadedImage/20180619034153672.png]
[cvdrisk.com.cn/uploadedImage/20171226032808481.jpg]
[cvdrisk.com.cn/uploadedImage/20171226032822006.jpg]
[cvdrisk.com.cn/uploadedImage/20171227084833985.jpg]
[cvdrisk.com.cn/uploadedImage/20171227084858852.jpg]
[cvdrisk.com.cn/uploadedImage/20171226035701931.jpg]
[cvdrisk.com.cn/uploadedImage/20180116012633282.jpg]
[cvdrisk.com.cn/uploadedImage/20180620011207922.jpg]
[cvdrisk.com.cn/uploadedImage/20171226031700937.jpg]
[cvdrisk.com.cn/ASCVD/Articles/Index/1.html]
[cvdrisk.com.cn/Content/Areas/ASCVD/search_icon.png]
[cvdrisk.com.cn/uploadedImage/20171227113800970.png]
[cvdrisk.com.cn/Content/Areas/ASCVD/line.png]
[cvdrisk.com.cn/uploadedImage/20180607092612320.jpg]
[cvdrisk.com.cn/uploadedImage/20180615051840078.jpg]
[cvdrisk.com.cn/uploadedImage/20200812110945669.jpg]
[cvdrisk.com.cn/uploadedImage/20200812110700243.jpg]
[cvdrisk.com.cn/uploadedImage/20191203011921285.jpg]
[cvdrisk.com.cn/uploadedImage/20181229062450338.jpg]
[cvdrisk.com.cn/uploadedImage/20181229070844514.jpg]
[cvdrisk.com.cn/uploadedImage/20180425104752780.jpg]
[cvdrisk.com.cn/Content/Areas/ASCVD/img_peitu3.jpg]
[cvdrisk.com.cn/Content/Areas/ASCVD/img_peitu4.jpg]
[cvdrisk.com.cn/Content/Areas/ASCVD/img_peitu5.jpg]
[cvdrisk.com.cn/Content/Areas/ASCVD/img_peitu6.jpg]
[cvdrisk.com.cn/uploadedImage/20180616080514783.jpg]
[cvdrisk.com.cn/uploadedImage/20180521102618573.jpg]
[cvdrisk.com.cn/uploadedImage/20171227094043519.jpg]
[cvdrisk.com.cn/uploadedImage/20180521035946339.jpg]
[cvdrisk.com.cn/uploadedImage/20180610090919721.jpg]
[cvdrisk.com.cn/uploadedImage/20171227093558723.jpg]
[cvdrisk.com.cn/uploadedImage/20181001081015501.png]
[cvdrisk.com.cn/uploadedImage/20181001080013528.png]
[cvdrisk.com.cn/ASCVD/Articles/List/1.html]
[cvdrisk.com.cn/uploadedImage/20220725040820602.jpg]
[cvdrisk.com.cn/uploadedImage/20180821031729337.jpg]
[cvdrisk.com.cn/uploadedImage/20180611014534003.jpg]
[cvdrisk.com.cn/uploadedImage/20180328095412403.jpg]
[cvdrisk.com.cn/Content/Areas/ASCVD/img_peitu9.jpg]
[cvdrisk.com.cn/uploadedImage/20171227030910203.jpg]
[cvdrisk.com.cn/uploadedImage/20171229030722059.jpg]
[cvdrisk.com.cn/ASCVD/Articles/List/2.html]
[cvdrisk.com.cn/uploadedImage/20220311112737122.jpg]
[cvdrisk.com.cn/Content/Areas/ASCVD/aboutus_address.png]
[cvdrisk.com.cn/Content/Areas/ASCVD/aboutus_tel.png]
[cvdrisk.com.cn/Content/Areas/ASCVD/aboutus_app.png]
[cvdrisk.com.cn/Content/Areas/ASCVD/map_img.png]
[cvdrisk.com.cn/ASCVD/ProjectInfo/AboutUs.html]
[cvdrisk.com.cn/Content/Areas/ASCVD/rightpic.png]
[cvdrisk.com.cn/ASCVD/Accounts/Login.html]
[cvdrisk.com.cn/ASCVD/Accounts/Register.html]
[cvdrisk.com.cn/Content/Areas/Common/css/linkMap.css]
[cvdrisk.com.cn/ASCVD.html]
[cvdrisk.com.cn/Content/plugins/fonts/glyphicons-halflings-regular.html]
[cvdrisk.com.cn/Content/plugins/fonts/glyphicons-halflings-regulard41d.html]
[cvdrisk.com.cn/Content/plugins/fonts/glyphicons-halflings-regular-2.html]
[cvdrisk.com.cn/Content/plugins/fonts/glyphicons-halflings-regular-3.html]
[cvdrisk.com.cn/Content/plugins/fonts/glyphicons-halflings-regular-4.html]
[cvdrisk.com.cn/Content/plugins/fonts/glyphicons-halflings-regular-5.html]
[cvdrisk.com.cn/Content/Revision/css/Avian Regular.html]
[cvdrisk.com.cn/Content/Revision/css/Avian Regulard41d.html]
[cvdrisk.com.cn/Content/Revision/css/Avian Regular-2.html]
[cvdrisk.com.cn/Content/Revision/css/Avian Regular-3.html]
[cvdrisk.com.cn/Content/Revision/css/Avian Regular-4.html]
[cvdrisk.com.cn/Content/Revision/image/line1.html]
[cvdrisk.com.cn/Content/Revision/image/l1.html]
[cvdrisk.com.cn/Content/Revision/image/l2.html]
[cvdrisk.com.cn/Content/Revision/image/l3.html]
[cvdrisk.com.cn/Content/Revision/image/l4.html]
[cvdrisk.com.cn/Content/Revision/image/arrow1.html]
[cvdrisk.com.cn/Content/Revision/image/img1.html]
[cvdrisk.com.cn/Content/Revision/image/bg3.html]
[cvdrisk.com.cn/Content/Revision/image/arrow3.html]
[cvdrisk.com.cn/Content/Revision/image/input1.html]
[cvdrisk.com.cn/Content/Revision/image/black50.html]
[cvdrisk.com.cn/Content/Revision/image/border9.html]
[cvdrisk.com.cn/Content/Revision/image/border.html]
[cvdrisk.com.cn/Content/Revision/image/tit9.html]
[cvdrisk.com.cn/Content/Revision/image/tit10.html]
[cvdrisk.com.cn/Content/Revision/image/tit11.html]
[cvdrisk.com.cn/Content/Revision/image/btn2.html]
[cvdrisk.com.cn/Content/Revision/image/btn1.html]
[cvdrisk.com.cn/Content/Revision/image/btn3.html]
[cvdrisk.com.cn/Content/Revision/image/h1.html]
[cvdrisk.com.cn/Content/Revision/image/h2.html]
[cvdrisk.com.cn/Content/Revision/image/h3.html]
[cvdrisk.com.cn/Content/Revision/image/btn4.html]
[cvdrisk.com.cn/Content/Revision/image/bt5.html]
[cvdrisk.com.cn/Content/Revision/image/ylbg.html]
[cvdrisk.com.cn/Content/Revision/image/img19.html]
[cvdrisk.com.cn/Content/Revision/image/img20.html]
[cvdrisk.com.cn/Content/Revision/image/bg8.html]
[cvdrisk.com.cn/Content/Revision/image/line7_4.html]
[cvdrisk.com.cn/Content/Revision/image/bg4.html]
[cvdrisk.com.cn/Content/Revision/image/bg1.html]
[cvdrisk.com.cn/Content/Revision/image/line2.html]
[cvdrisk.com.cn/Content/Revision/image/line3.html]
[cvdrisk.com.cn/Content/Revision/image/dian1.html]
[cvdrisk.com.cn/Content/Revision/image/input2.html]
[cvdrisk.com.cn/Content/Revision/image/dian2.html]
[cvdrisk.com.cn/Content/Revision/image/line5.html]
[cvdrisk.com.cn/Content/Revision/image/line4.html]
[cvdrisk.com.cn/Content/Revision/image/bg2-1.html]
[cvdrisk.com.cn/Content/Revision/image/line6.html]
[cvdrisk.com.cn/Content/Revision/image/dian3.html]
[cvdrisk.com.cn/Content/Revision/image/arrow2.html]
[cvdrisk.com.cn/Content/Revision/image/line9.html]
[cvdrisk.com.cn/Content/Revision/image/black.html]
[cvdrisk.com.cn/Content/Revision/image/play.html]
[cvdrisk.com.cn/Content/Revision/image/bo2.html]
[cvdrisk.com.cn/Content/Revision/image/arrow5.html]
[cvdrisk.com.cn/Content/Revision/image/prev1.html]
[cvdrisk.com.cn/Content/Revision/image/next1.html]
[cvdrisk.com.cn/Content/Revision/image/line8_3.html]
[cvdrisk.com.cn/Content/Revision/image/bg10.html]
[cvdrisk.com.cn/Content/Revision/image/ico9.html]
[cvdrisk.com.cn/Content/Revision/image/bg.html]
[cvdrisk.com.cn/Content/Revision/image/dian4.html]
[cvdrisk.com.cn/Content/Revision/image/bg1-2.html]
[cvdrisk.com.cn/Content/Revision/image/bg9.html]
[cvdrisk.com.cn/Content/Revision/image/line8_2.html]
[cvdrisk.com.cn/Content/Revision/image/bg3-2.html]
[cvdrisk.com.cn/Content/Revision/image/bg4-2.html]
[cvdrisk.com.cn/Content/Revision/image/arrow6.html]
[cvdrisk.com.cn/Content/Revision/image/ground.html]
[cvdrisk.com.cn/Content/Revision/image/border1.html]
[cvdrisk.com.cn/Content/Revision/image/border3.html]
[cvdrisk.com.cn/Content/Revision/image/border2.html]
[cvdrisk.com.cn/Content/Revision/image/border5.html]
[cvdrisk.com.cn/Content/Revision/image/border6.html]
[cvdrisk.com.cn/Content/Revision/image/border8.html]
[cvdrisk.com.cn/Content/Revision/image/border7.html]
[cvdrisk.com.cn/Content/Revision/image/1-1.html]
[cvdrisk.com.cn/Content/Revision/image/2-1.html]
[cvdrisk.com.cn/Content/Revision/image/4-1.html]
[cvdrisk.com.cn/Content/Revision/image/3-1.html]
[cvdrisk.com.cn/Content/Revision/image/1.html]
[cvdrisk.com.cn/Content/Revision/image/2.html]
[cvdrisk.com.cn/Content/Revision/image/4.html]
[cvdrisk.com.cn/Content/Revision/image/3.html]
[cvdrisk.com.cn/Content/Areas/Common/images/head_foot_images/navbg.html]
[cvdrisk.com.cn/Content/Areas/Common/images/head_foot_images/navhover.html]
[cvdrisk.com.cn/Content/Areas/Common/images/othernavM.html]
[cvdrisk.com.cn/Content/Areas/Common/images/head_tit_bg.html]
[cvdrisk.com.cn/Content/Areas/Common/images/more_bg.html]
[cvdrisk.com.cn/Content/Areas/Common/images/yue.html]
[cvdrisk.com.cn/Content/Areas/Common/images/guo.html]
[cvdrisk.com.cn/Content/Areas/Common/images/weidao.html]
[cvdrisk.com.cn/Content/Areas/Common/images/zhan.html]
[cvdrisk.com.cn/Content/Areas/Common/images/jia.html]
[cvdrisk.com.cn/Content/Areas/Common/images/man.html]
[cvdrisk.com.cn/Content/Areas/Common/images/ting.html]
[cvdrisk.com.cn/Content/Areas/Common/images/lvse_sanjiao_xiangzuo_Purple.html]
[cvdrisk.com.cn/Content/Areas/Common/images/lvse_sanjiao_xiangxia_Purple.html]
[cvdrisk.com.cn/Content/Areas/Common/images/lvse_jiahao_Purple.html]
[cvdrisk.com.cn/Content/Areas/Common/images/lvse_jianhao_Purple.html]
[cvdrisk.com.cn/Content/Areas/Common/images/orange_point.html]
[cvdrisk.com.cn/Content/Areas/Common/images/wenzifangda.html]
[cvdrisk.com.cn/Content/Areas/Common/images/wenzisuoxiao.html]
[cvdrisk.com.cn/Content/Areas/Common/images/head_newspaper_li.html]
[cvdrisk.com.cn/Content/Areas/Common/images/head_newspaper_li-2.html]
[cvdrisk.com.cn/Content/Areas/Common/images/diaocha_logo_sub.html]
[cvdrisk.com.cn/Content/Areas/Common/images/diaocha_logo_btm.html]
[cvdrisk.com.cn/Content/Areas/Common/images/diaocha_head_icon.html]
[cvdrisk.com.cn/Content/Areas/Common/images/_content_h_bg.html]
[cvdrisk.com.cn/Content/Areas/Common/images/diaocha_tijiao_bg.html]
[cvdrisk.com.cn/Content/Areas/Common/images/survey_content_B_bg.html]
[cvdrisk.com.cn/Template/default/images/survey_back.html]
[cvdrisk.com.cn/Content/Areas/Common/images/survey_pph.html]
[cvdrisk.com.cn/Content/Areas/Common/images/survey_pp.html]
[cvdrisk.com.cn/Content/Areas/Common/images/hongse_sanjiao.html]
[cvdrisk.com.cn/Content/Areas/ASCVD/bo1.jpg]
[cvdrisk.com.cn/uploadedImage/20171227113939859.jpg]
[cvdrisk.com.cn/ASCVD/Articles/Index/52.html]
[www.cvdrisk.com.cn/uploadedImage/20180607043556808.jpg]
[cvdrisk.com.cn/ASCVD/Articles/Index/56.html]
[cvdrisk.com.cn/uploadedImage/20180615050556223.png]
[cvdrisk.com.cn/ASCVD/Articles/Index/58.html]
[cvdrisk.com.cn/ASCVD/Articles/Index/64.html]
[cvdrisk.com.cn/ASCVD/Articles/Index/66.html]
[cvdrisk.com.cn/uploadedImage/20191203011358436.jpg]
[cvdrisk.com.cn/ASCVD/Articles/Index/65.html]
[cvdrisk.com.cn/uploadedImage/20181229061542957.jpg]
[cvdrisk.com.cn/ASCVD/Articles/Index/62.html]
[cvdrisk.com.cn/uploadedImage/20181229070852162.jpg]
[cvdrisk.com.cn/ASCVD/Articles/Index/63.html]
[cvdrisk.com.cn/uploadedImage/20180426025255192.png]
[cvdrisk.com.cn/ASCVD/Articles/Index/53.html]
[cvdrisk.com.cn/uploadedImage/20180426031527002.jpg]
[par.301pt.com/china_par/data/upload/ueditor/20190601/5cf22a086a5c9.png]
[cvdrisk.com.cn/ASCVD/Articles/Index/51.html]
[cvdrisk.com.cn/uploadedImage/20171227100858312.jpg]
[cvdrisk.com.cn/uploadedImage/20171227100907595.jpg]
[cvdrisk.com.cn/ASCVD/Articles/Index/50.html]
[cvdrisk.com.cn/uploadedImage/20171227100501441.jpg]
[cvdrisk.com.cn/uploadedImage/20171227100527508.jpg]
[cvdrisk.com.cn/ASCVD/Articles/Index/49.html]
[cvdrisk.com.cn/uploadedImage/20171227094851505.jpg]
[cvdrisk.com.cn/uploadedImage/20171227095028086.jpg]
[cvdrisk.com.cn/ASCVD/Articles/Index/48.html]
[cvdrisk.com.cn/ASCVD/Articles/Index/59.html]
[cvdrisk.com.cn/ASCVD/Articles/Index/54.html]
[cvdrisk.com.cn/ASCVD/Articles/Index/47.html]
[cvdrisk.com.cn/uploadedImage/20180521040105696.png]
[cvdrisk.com.cn/uploadedImage/20180525022234569.png]
[cvdrisk.com.cn/uploadedImage/20180521040229499.png]
[cvdrisk.com.cn/uploadedImage/20180525022513052.png]
[cvdrisk.com.cn/uploadedImage/20180521040238500.png]
[cvdrisk.com.cn/uploadedImage/20180521040307563.png]
[cvdrisk.com.cn/uploadedImage/20180521040318358.png]
[cvdrisk.com.cn/uploadedImage/20180525022637121.png]
[cvdrisk.com.cn/uploadedImage/20180525022720770.png]
[cvdrisk.com.cn/uploadedImage/20180525022805090.png]
[cvdrisk.com.cn/uploadedImage/20180521040336330.png]
[cvdrisk.com.cn/uploadedImage/20180521040342929.png]
[cvdrisk.com.cn/ASCVD/Articles/Index/55.html]
[cvdrisk.com.cn/uploadedImage/20180610093454779.jpg]
[cvdrisk.com.cn/uploadedImage/20180610100000166.jpg]
[cvdrisk.com.cn/ASCVD/Articles/Index/57.html]
[cvdrisk.com.cn/ASCVD/Articles/Index/46.html]
[cvdrisk.com.cn/ASCVD/Articles/Index/61.html]
[cvdrisk.com.cn/ASCVD/Articles/Index/60.html]
[cvdrisk.com.cn/ASCVD/Articles/Index/67.html]
[cvdrisk.com.cn/ASCVD/Articles/Index/37.html]
[cvdrisk.com.cn/uploadedImage/20180611013727469.jpg]
[cvdrisk.com.cn/ASCVD/Articles/Index/32.html]
[cvdrisk.com.cn/uploadedImage/20180328092807767.jpg]
[cvdrisk.com.cn/uploadedFile/20180328092849029.pdf]
[cvdrisk.com.cn/Content/Areas/ASCVD/download.png]
[cvdrisk.com.cn/ASCVD/Articles/Index/24.html]
[cvdrisk.com.cn/uploadedImage/20171227023131623.jpg]
[cvdrisk.com.cn/uploadedImage/20171227023146724.jpg]
[cvdrisk.com.cn/uploadedFile/20171227114818843.pdf]
[cvdrisk.com.cn/ASCVD/Articles/Index/10.html]
[cvdrisk.com.cn/uploadedImage/20171229031032850.jpg]
[cvdrisk.com.cn/uploadedFile/20171227025812160.pdf]
[cvdrisk.com.cn/ASCVD/Articles/Index/22.html]
[cvdrisk.com.cn/uploadedImage/20171229030813197.jpg]
[cvdrisk.com.cn/uploadedFile/20171229030517072.pdf]
[cvdrisk.com.cn/ASCVD/Articles/Index/23.html]
[cvdrisk.com.cn/uploadedImage/20220311112147940.png]
[cvdrisk.com.cn/uploadedImage/20180115095948305.jpg]
[cvdrisk.com.cn/uploadedImage/20180111044712950.jpg]
[cvdrisk.com.cn/uploadedImage/20220311111347635.png]
[cvdrisk.com.cn/uploadedImage/20180115100734215.jpg]
[cvdrisk.com.cn/uploadedImage/20220311111424480.png]
[cvdrisk.com.cn/ASCVD/Articles/Index/2.html]
[cvdrisk.com.cn/Content/plugins/validate/jquery.validate.min.js]
[cvdrisk.com.cn/Content/Areas/Common/js/jquery.validate.extend.js]
[cvdrisk.com.cn/ASCVD/Accounts/Registerd7a8.html]
[cvdrisk.com.cn/ASCVD/Accounts/Logind7a8.html]
[file/C_/Users/ADMINI_1/AppData/Local/Temp/msohtmlclip1/01/clip_image001.png]
